Godot Engine v4.7.1.stable.mono.official.a13da4feb - https://godotengine.org
OpenGL API 3.3.0 - Build 32.0.101.8132 - Compatibility - Using Device: Intel - Intel(R) Arc(TM) Graphics

Movie Maker mode enabled, recording movie in 540×960 @ 60 FPS...
=== GENERADOR MAESTRO INICIADO ===
best_frame=0 min_dist=0.00929211429753 tolerance=5.0
[VALIDATION] relative_winning_frame=0 absolute_winning_frame=180 valid_window=180-600 close_calls=1 valid=true
best_frame=0 min_dist=0.00929211429753 tolerance=5.0
[VALIDATION] relative_winning_frame=0 absolute_winning_frame=180 valid_window=180-600 close_calls=1 valid=true
[C6-F4.3] Effective Runtime + independent legacy oracle: PASS
[C6E_PROFILE] id=social_default_v1 source=(540.0, 960.0) master=(1080.0, 1920.0) safe=[P: (24.0, 24.0), S: (492.0, 912.0)]
[C6_UI] root=UnifiedSocialFrame:<Control#54626616790> size=(540.0, 960.0) position=(0.0, 0.0)
[C6_REFERENCE_FRAME] index=0 mode=WINNING_FRAME reason=Certified winning_frame
[C6_SWEEP_AUDIT] id=CHALLENGE_003 mechanic=pilot mode=WINNING_FRAME frame_idx=0 reason=Certified winning_frame
[TELEMETRY_JSON]{"attempts":1,"close_calls":1,"cta_frames":120,"final_seed":24681357,"game_frames":420,"godot_version":"4.7.1-stable (official)","hook_frames":180,"initial_seed":24681357,"minimum_distance":0.00929211429752996,"reveal_frames":0,"rng_version":"2.0","score":0.994476060498701,"seed_used":24681357,"total_frames":720,"validate_only":false,"winning_frame":180,"winning_frame_game":0,"winning_frame_in_valid_window":true,"winning_time":3.0,"winning_time_game":0.0}
[AUDIO_EXPORT_JSON] {"audio_enabled":false}
[C6_TARGET] space=1 presentation_pos=(540.0, 480.0)
--------------------------------------------------------------------------------
Done recording movie at path: C:\Users\vinxe\Projects\ChallengeEngineV01_STATELESS\artifacts\scratch\challenge_production\a84351135e044134aa3d6807b7f3b516\CHALLENGE_003_seed_24681357_source.avi
720 frames at 60 FPS (movie length: 00:00:12:00), recorded in 00:00:12 (100% of real-time speed).
CPU render time: 0.18 seconds (average: 0.25 ms/frame)
GPU render time: 0.14 seconds (average: 0.19 ms/frame)
Encoding time: 2.79 seconds (average: 3.87 ms/frame)
--------------------------------------------------------------------------------

