Godot Engine v4.7.1.stable.mono.official.a13da4feb - https://godotengine.org
OpenGL API 3.3.0 - Build 32.0.101.8132 - Compatibility - Using Device: Intel - Intel(R) Arc(TM) Graphics

Movie Maker mode enabled, recording movie in 540×960 @ 60 FPS...
=== GENERADOR MAESTRO INICIADO ===
[PARKING_DEBUG] seed=12345 dodge=43.443134 save=-19.518568 overshoot=100.497638
best_frame=385 min_dist=3.75693106651306 tolerance=15.0
[VALIDATION] relative_winning_frame=385 absolute_winning_frame=565 valid_window=180-600 close_calls=1 valid=true
[PARKING_DEBUG] seed=12345 dodge=43.443134 save=-19.518568 overshoot=100.497638
best_frame=385 min_dist=3.75693106651306 tolerance=15.0
[VALIDATION] relative_winning_frame=385 absolute_winning_frame=565 valid_window=180-600 close_calls=1 valid=true
[C6-F4.3] Effective Runtime + independent legacy oracle: PASS
[C6E_PROFILE] id=social_default_v1 source=(540.0, 960.0) master=(1080.0, 1920.0) safe=[P: (24.0, 24.0), S: (492.0, 912.0)]
[C6_UI] root=UnifiedSocialFrame:<Control#54626616790> size=(540.0, 960.0) position=(0.0, 0.0)
[C6_REFERENCE_FRAME] index=385 mode=WINNING_FRAME reason=Certified winning_frame
[C6_SWEEP_AUDIT] id=CHALLENGE_002 mechanic=parking mode=WINNING_FRAME frame_idx=385 reason=Certified winning_frame
[TELEMETRY_JSON]{"attempts":1,"close_calls":1,"cta_frames":0,"final_seed":12345,"game_frames":420,"godot_version":"4.7.1-stable (official)","hook_frames":180,"initial_seed":12345,"minimum_distance":3.75693106651306,"reveal_frames":0,"rng_version":"1.0","score":0.226411927346884,"seed_used":12345,"total_frames":600,"validate_only":false,"winning_frame":565,"winning_frame_game":385,"winning_frame_in_valid_window":true,"winning_time":9.41666666666667,"winning_time_game":6.41666666666667}
[AUDIO_EXPORT_JSON] {"audio_enabled":false}
[C6_TARGET] space=0 presentation_pos=(378.5, 480.0)
--------------------------------------------------------------------------------
Done recording movie at path: C:\Users\vinxe\Projects\ChallengeEngineV01_STATELESS\artifacts\scratch\challenge_production\56b84234c6b441a991954829d3f67a28\CHALLENGE_002_seed_12345_source.avi
600 frames at 60 FPS (movie length: 00:00:10:00), recorded in 00:00:11 (90% of real-time speed).
CPU render time: 0.13 seconds (average: 0.21 ms/frame)
GPU render time: 0.12 seconds (average: 0.20 ms/frame)
Encoding time: 2.20 seconds (average: 3.67 ms/frame)
--------------------------------------------------------------------------------

