Godot Engine v4.7.1.stable.mono.official.a13da4feb - https://godotengine.org
OpenGL API 3.3.0 - Build 32.0.101.8132 - Compatibility - Using Device: Intel - Intel(R) Arc(TM) Graphics

Movie Maker mode enabled, recording movie in 540×960 @ 60 FPS...
=== GENERADOR MAESTRO INICIADO ===
best_frame=298 min_dist=0.00072989868966 tolerance=5.0
[VALIDATION] relative_winning_frame=298 absolute_winning_frame=478 valid_window=180-600 close_calls=1 valid=true
best_frame=298 min_dist=0.00072989868966 tolerance=5.0
[VALIDATION] relative_winning_frame=298 absolute_winning_frame=478 valid_window=180-600 close_calls=1 valid=true
[C6-F4.3] Effective Runtime + independent legacy oracle: PASS
[C6E_PROFILE] id=social_default_v1 source=(540.0, 960.0) master=(1080.0, 1920.0) safe=[P: (24.0, 24.0), S: (492.0, 912.0)]
[C6_UI] root=UnifiedSocialFrame:<Control#54626616790> size=(540.0, 960.0) position=(0.0, 0.0)
[C6_REFERENCE_FRAME] index=298 mode=WINNING_FRAME reason=Certified winning_frame
[C6_SWEEP_AUDIT] id=CHALLENGE_003 mechanic=pilot mode=WINNING_FRAME frame_idx=298 reason=Certified winning_frame
[TELEMETRY_JSON]{"attempts":1,"close_calls":1,"cta_frames":120,"final_seed":12345,"game_frames":420,"godot_version":"4.7.1-stable (official)","hook_frames":180,"initial_seed":12345,"minimum_distance":0.000729898689662889,"reveal_frames":0,"rng_version":"2.0","score":0.908167569407386,"seed_used":12345,"total_frames":720,"validate_only":false,"winning_frame":478,"winning_frame_game":298,"winning_frame_in_valid_window":true,"winning_time":7.96666666666667,"winning_time_game":4.96666666666667}
[AUDIO_EXPORT_JSON] {"audio_enabled":false}
[C6_TARGET] space=1 presentation_pos=(540.0, 480.0)
--------------------------------------------------------------------------------
Done recording movie at path: C:\Users\vinxe\Projects\ChallengeEngineV01_STATELESS\artifacts\scratch\challenge_production\bc2a7b078f7d4bdab44e209c71e7a48f\CHALLENGE_003_seed_12345_source.avi
720 frames at 60 FPS (movie length: 00:00:12:00), recorded in 00:00:13 (92% of real-time speed).
CPU render time: 0.28 seconds (average: 0.39 ms/frame)
GPU render time: 0.23 seconds (average: 0.31 ms/frame)
Encoding time: 4.07 seconds (average: 5.65 ms/frame)
--------------------------------------------------------------------------------

