Godot Engine v4.7.1.stable.mono.official.a13da4feb - https://godotengine.org
OpenGL API 3.3.0 - Build 32.0.101.8132 - Compatibility - Using Device: Intel - Intel(R) Arc(TM) Graphics

Movie Maker mode enabled, recording movie in 540×960 @ 60 FPS...
=== GENERADOR MAESTRO INICIADO ===
best_frame=73 min_dist=0.014191543961 tolerance=0.07853981633974
[VALIDATION] relative_winning_frame=73 absolute_winning_frame=73 valid_window=0-420 close_calls=0 valid=true
best_frame=73 min_dist=0.014191543961 tolerance=0.07853981633974
[VALIDATION] relative_winning_frame=73 absolute_winning_frame=73 valid_window=0-420 close_calls=0 valid=true
[C6-F4.3] Effective Runtime + independent legacy oracle: PASS
[C6E_PROFILE] id=social_default_v1 source=(540.0, 960.0) master=(1080.0, 1920.0) safe=[P: (24.0, 24.0), S: (492.0, 912.0)]
[C6_UI] root=UnifiedSocialFrame:<Control#54626616790> size=(540.0, 960.0) position=(0.0, 0.0)
[C6_REFERENCE_FRAME] index=73 mode=WINNING_FRAME reason=Certified winning_frame
[C6_SWEEP_AUDIT] id=CHALLENGE_001 mechanic=key mode=WINNING_FRAME frame_idx=73 reason=Certified winning_frame
[TELEMETRY_JSON]{"attempts":1,"close_calls":0,"cta_frames":120,"final_seed":314159,"game_frames":420,"godot_version":"4.7.1-stable (official)","hook_frames":0,"initial_seed":314159,"minimum_distance":0.014191543961001,"reveal_frames":0,"rng_version":"1.0","score":0.643333790898982,"seed_used":314159,"total_frames":540,"validate_only":false,"winning_frame":73,"winning_frame_game":73,"winning_frame_in_valid_window":true,"winning_time":1.21666666666667,"winning_time_game":1.21666666666667}
[AUDIO_EXPORT_JSON] {"audio_enabled":false}
[C6_TARGET] space=0 presentation_pos=(270.0, 480.0)
--------------------------------------------------------------------------------
Done recording movie at path: C:\Users\vinxe\Projects\ChallengeEngineV01_STATELESS\artifacts\scratch\challenge_production\232463227f544f7d9b6d392ebfaf78eb\CHALLENGE_001_seed_314159_source.avi
540 frames at 60 FPS (movie length: 00:00:09:00), recorded in 00:00:10 (90% of real-time speed).
CPU render time: 0.20 seconds (average: 0.37 ms/frame)
GPU render time: 0.15 seconds (average: 0.28 ms/frame)
Encoding time: 2.72 seconds (average: 5.03 ms/frame)
--------------------------------------------------------------------------------

