Godot Engine v4.7.1.stable.mono.official.a13da4feb - https://godotengine.org
OpenGL API 3.3.0 - Build 32.0.101.8132 - Compatibility - Using Device: Intel - Intel(R) Arc(TM) Graphics

Movie Maker mode enabled, recording movie in 540×960 @ 60 FPS...
=== GENERADOR MAESTRO INICIADO ===
[PARKING_DEBUG] seed=314159 dodge=-110.904366 save=32.652888 overshoot=107.609854
best_frame=384 min_dist=5.06933832168579 tolerance=15.0
[VALIDATION] relative_winning_frame=384 absolute_winning_frame=564 valid_window=180-600 close_calls=1 valid=true
[PARKING_DEBUG] seed=314159 dodge=-110.904366 save=32.652888 overshoot=107.609854
best_frame=384 min_dist=5.06933832168579 tolerance=15.0
[VALIDATION] relative_winning_frame=384 absolute_winning_frame=564 valid_window=180-600 close_calls=1 valid=true
[C6-F4.3] Effective Runtime + independent legacy oracle: PASS
[C6E_PROFILE] id=social_default_v1 source=(540.0, 960.0) master=(1080.0, 1920.0) safe=[P: (24.0, 24.0), S: (492.0, 912.0)]
[C6_UI] root=UnifiedSocialFrame:<Control#54626616790> size=(540.0, 960.0) position=(0.0, 0.0)
[C6_REFERENCE_FRAME] index=384 mode=WINNING_FRAME reason=Certified winning_frame
[C6_SWEEP_AUDIT] id=CHALLENGE_002 mechanic=parking mode=WINNING_FRAME frame_idx=384 reason=Certified winning_frame
[TELEMETRY_JSON]{"attempts":1,"close_calls":1,"cta_frames":0,"final_seed":314159,"game_frames":420,"godot_version":"4.7.1-stable (official)","hook_frames":180,"initial_seed":314159,"minimum_distance":5.06933832168579,"reveal_frames":0,"rng_version":"1.0","score":0.201288373007562,"seed_used":314159,"total_frames":600,"validate_only":false,"winning_frame":564,"winning_frame_game":384,"winning_frame_in_valid_window":true,"winning_time":9.4,"winning_time_game":6.4}
[AUDIO_EXPORT_JSON] {"audio_enabled":false}
[C6_TARGET] space=0 presentation_pos=(378.5, 480.0)
--------------------------------------------------------------------------------
Done recording movie at path: C:\Users\vinxe\Projects\ChallengeEngineV01_STATELESS\artifacts\scratch\challenge_production\d66bc8c82d6e454b860791d07bc10129\CHALLENGE_002_seed_314159_source.avi
600 frames at 60 FPS (movie length: 00:00:10:00), recorded in 00:00:11 (90% of real-time speed).
CPU render time: 0.14 seconds (average: 0.23 ms/frame)
GPU render time: 0.13 seconds (average: 0.22 ms/frame)
Encoding time: 2.37 seconds (average: 3.96 ms/frame)
--------------------------------------------------------------------------------

