Godot Engine v4.7.1.stable.mono.official.a13da4feb - https://godotengine.org
OpenGL API 3.3.0 - Build 32.0.101.8132 - Compatibility - Using Device: Intel - Intel(R) Arc(TM) Graphics

Movie Maker mode enabled, recording movie in 540×960 @ 60 FPS...
=== GENERADOR MAESTRO INICIADO ===
[VALIDATION] relative_winning_frame=123 absolute_winning_frame=303 valid_window=180-600 close_calls=0 valid=true
[VALIDATION] relative_winning_frame=123 absolute_winning_frame=303 valid_window=180-600 close_calls=0 valid=true
[C6-F4.3] Effective Runtime + independent legacy oracle: PASS
[C6E_PROFILE] id=social_default_v1 source=(540.0, 960.0) master=(1080.0, 1920.0) safe=[P: (24.0, 24.0), S: (492.0, 912.0)]
[C6_UI] root=UnifiedSocialFrame:<Control#54626616790> size=(540.0, 960.0) position=(0.0, 0.0)
[C6_REFERENCE_FRAME] index=123 mode=WINNING_FRAME reason=Certified winning_frame
[C6_SWEEP_AUDIT] id=CHALLENGE_007 mechanic=find_v1 mode=WINNING_FRAME frame_idx=123 reason=Certified winning_frame
[TELEMETRY_JSON]{"attempts":1,"close_calls":0,"cta_frames":0,"final_seed":54321,"game_frames":420,"godot_version":"4.7.1-stable (official)","hook_frames":180,"initial_seed":54321,"minimum_distance":58.3207130432129,"reveal_frames":0,"rng_version":"2.0","score":0.313873964197495,"seed_used":54321,"total_frames":600,"validate_only":false,"winning_frame":303,"winning_frame_game":123,"winning_frame_in_valid_window":true,"winning_time":5.05,"winning_time_game":2.05}
[AUDIO_EXPORT_JSON] {"audio_enabled":false}
[C6_TARGET] space=0 presentation_pos=(378.5, 480.0)
--------------------------------------------------------------------------------
Done recording movie at path: C:\Users\vinxe\Projects\ChallengeEngineV01_STATELESS\artifacts\scratch\challenge_production\774d2d858b32426587cc419664067af5\CHALLENGE_007_seed_54321_source.avi
600 frames at 60 FPS (movie length: 00:00:10:00), recorded in 00:00:11 (90% of real-time speed).
CPU render time: 0.23 seconds (average: 0.39 ms/frame)
GPU render time: 0.20 seconds (average: 0.33 ms/frame)
Encoding time: 3.54 seconds (average: 5.89 ms/frame)
--------------------------------------------------------------------------------

