Godot Engine v4.7.1.stable.mono.official.a13da4feb - https://godotengine.org
OpenGL API 3.3.0 - Build 32.0.101.8132 - Compatibility - Using Device: Intel - Intel(R) Arc(TM) Graphics

Movie Maker mode enabled, recording movie in 540×960 @ 60 FPS...
=== GENERADOR MAESTRO INICIADO ===
[VALIDATION] relative_winning_frame=344 absolute_winning_frame=344 valid_window=0-420 close_calls=16 valid=true
[VALIDATION] relative_winning_frame=344 absolute_winning_frame=344 valid_window=0-420 close_calls=16 valid=true
[C6-F4.3] Effective Runtime + independent legacy oracle: PASS
[C6E_PROFILE] id=social_default_v1 source=(540.0, 960.0) master=(1080.0, 1920.0) safe=[P: (24.0, 24.0), S: (492.0, 912.0)]
[C6_UI] root=UnifiedSocialFrame:<Control#54626616790> size=(540.0, 960.0) position=(0.0, 0.0)
[C6_REFERENCE_FRAME] index=344 mode=WINNING_FRAME reason=Certified winning_frame
[C6_SWEEP_AUDIT] id=CHALLENGE_005 mechanic=hit_v1 mode=WINNING_FRAME frame_idx=344 reason=Certified winning_frame
[TELEMETRY_JSON]{"attempts":1,"close_calls":16,"cta_frames":0,"final_seed":998877,"game_frames":420,"godot_version":"4.7.1-stable (official)","hook_frames":0,"initial_seed":998877,"minimum_distance":1.68177151679993,"reveal_frames":0,"rng_version":"2.0","score":0.943940949440002,"seed_used":998877,"total_frames":420,"validate_only":false,"winning_frame":344,"winning_frame_game":344,"winning_frame_in_valid_window":true,"winning_time":5.73333333333333,"winning_time_game":5.73333333333333}
[AUDIO_EXPORT_JSON] {"audio_enabled":false}
[C6_TARGET] space=0 presentation_pos=(378.5, 480.0)
--------------------------------------------------------------------------------
Done recording movie at path: C:\Users\vinxe\Projects\ChallengeEngineV01_STATELESS\artifacts\scratch\challenge_production\e942565d336444438e46382e88f436ac\CHALLENGE_005_seed_998877_source.avi
420 frames at 60 FPS (movie length: 00:00:07:00), recorded in 00:00:08 (87% of real-time speed).
CPU render time: 0.09 seconds (average: 0.21 ms/frame)
GPU render time: 0.08 seconds (average: 0.20 ms/frame)
Encoding time: 1.45 seconds (average: 3.45 ms/frame)
--------------------------------------------------------------------------------

